---
layout: article
title: ubuntu下使用grub2制作启动u盘
date: 2021-12-12 20:59:33 +0800
categories: notes
tags: Linux grub2
---
grub2制作启动u盘
<!--more-->


# ubuntu下制作启动u盘
主要记录在ubuntu20.04环境下制作启动U盘的步骤，使U盘支持UEFI以及BIOS模式启动，同时引导ubuntu以及windows系统。

引导工具使用grub2,分区为GPT分区。
### U盘分区
**note**:在GPT分区下进行传统BIOS方式引导，需要额外的bios分区，GRUB将core.img嵌入到此分区中。bios分区不需要格式化文件系统，一般分配1M空间即可，需要设置分区类型为GUID 21686148-6449-6E6F-744E-656564454649。
- 对于 fdisk，选择分区类型 BIOS boot。
- 对于 gdisk，选择分区类型代码 ef02。
- 对于 parted， 在新创建的分区上设置/激活 bios_grub 标记。

**note**:在GPT分区下进行uefi方式引导，需要额外的EFI分区，通常将分区格式化为FAT32文件系统。


在ubuntu下使用gdisk进行分区
```
$ sudo gdisk /dev/sdb
GPT fdisk (gdisk) version 1.0.5

Partition table scan:
  MBR: MBR only
  BSD: not present
  APM: not present
  GPT: not present


***************************************************************
Found invalid GPT and valid MBR; converting MBR to GPT format
in memory. THIS OPERATION IS POTENTIALLY DESTRUCTIVE! Exit by
typing 'q' if you don't want to convert your MBR partitions
to GPT format!
***************************************************************


Command (? for help): p
Disk /dev/sdb: 30277632 sectors, 14.4 GiB
Model: DataTraveler 2.0
Sector size (logical/physical): 512/512 bytes
Disk identifier (GUID): 9EEFC500-70E5-4E70-801A-26E896B3D0D6
Partition table holds up to 128 entries
Main partition table begins at sector 2 and ends at sector 33
First usable sector is 34, last usable sector is 30277598
Partitions will be aligned on 2048-sector boundaries
Total free space is 30277565 sectors (14.4 GiB)

Number  Start (sector)    End (sector)  Size       Code  Name

Command (? for help): o
This option deletes all partitions and creates a new protective MBR.
Proceed? (Y/N): y

#1M空间用作BIOS启动的BIOS boot分区
Command (? for help): n
Partition number (1-128, default 1): 
First sector (34-30277598, default = 2048) or {+-}size{KMGTP}: 
Last sector (2048-30277598, default = 30277598) or {+-}size{KMGTP}: +1M
Current type is 8300 (Linux filesystem)
Hex code or GUID (L to show codes, Enter = 8300): ef02
Changed type of partition to 'BIOS boot partition'

Command (? for help): o
This option deletes all partitions and creates a new protective MBR.
Proceed? (Y/N): n

#512M空间用作UEFI启动的EFI分区
Command (? for help): n
Partition number (2-128, default 2): 
First sector (34-30277598, default = 4096) or {+-}size{KMGTP}: 
Last sector (4096-30277598, default = 30277598) or {+-}size{KMGTP}: +512M
Current type is 8300 (Linux filesystem)
Hex code or GUID (L to show codes, Enter = 8300): ef00
Changed type of partition to 'EFI system partition'

#剩余空间用来存放引导的ISO镜像
Command (? for help): n
Partition number (3-128, default 3): 
First sector (34-30277598, default = 1052672) or {+-}size{KMGTP}: 
Last sector (1052672-30277598, default = 30277598) or {+-}size{KMGTP}: 
Current type is 8300 (Linux filesystem)
Hex code or GUID (L to show codes, Enter = 8300): 
Changed type of partition to 'Linux filesystem'

Command (? for help): p
Disk /dev/sdb: 30277632 sectors, 14.4 GiB
Model: DataTraveler 2.0
Sector size (logical/physical): 512/512 bytes
Disk identifier (GUID): B5544A59-4F2F-4E27-9BF9-20A01A31D84B
Partition table holds up to 128 entries
Main partition table begins at sector 2 and ends at sector 33
First usable sector is 34, last usable sector is 30277598
Partitions will be aligned on 2048-sector boundaries
Total free space is 2014 sectors (1007.0 KiB)

Number  Start (sector)    End (sector)  Size       Code  Name
   1            2048            4095   1024.0 KiB  EF02  BIOS boot partition
   2            4096         1052671   512.0 MiB   EF00  EFI system partition
   3         1052672        30277598   13.9 GiB    8300  Linux filesystem

Command (? for help): w

Final checks complete. About to write GPT data. THIS WILL OVERWRITE EXISTING
PARTITIONS!!

Do you want to proceed? (Y/N): y
OK; writing new GUID partition table (GPT) to /dev/sdb.
Warning: The kernel is still using the old partition table.
The new table will be used at the next reboot or after you
run partprobe(8) or kpartx(8)
The operation has completed successfully.
```
U盘插入后会自动挂载，需要先把u盘去挂载后执行上述操作，否则写入不会立即生效，如上述最后一步所述，去挂载后执行partprobe来使操作生效。
### 格式化分区文件系统
- 将EFI分区格式化为FAT文件系统
- 将最后一个分区格式化为xfs文件系统，也可以为ext[2-4]格式的系统，即正常linux系统使用的文件系统
- BIOS boot分区不需要使用文件系统

```
$ sudo mkfs.fat /dev/sdb2
mkfs.fat 4.1 (2017-01-24)

$ sudo mkfs.xfs /dev/sdb3
meta-data=/dev/sdb3              isize=512    agcount=4, agsize=913279 blks
         =                       sectsz=512   attr=2, projid32bit=1
         =                       crc=1        finobt=1, sparse=1, rmapbt=0
         =                       reflink=1
data     =                       bsize=4096   blocks=3653115, imaxpct=25
         =                       sunit=0      swidth=0 blks
naming   =version 2              bsize=4096   ascii-ci=0, ftype=1
log      =internal log           bsize=4096   blocks=2560, version=2
         =                       sectsz=512   sunit=0 blks, lazy-count=1
realtime =none                   extsz=4096   blocks=0, rtextents=0
```

### 将grub安装进U盘中

#### 安装用于BIOS启动的相关文件

挂载EFI分区
假设U盘的第一个分区是FAT32格式，其分区是/dev/sdy1
```
# mount /dev/sdy1 /mnt/
# grub-install --target=i386-pc --boot-directory=/mnt/ /dev/sdy
```
**note**: 安装的device使用/dev/sdy，并未使用/dev/sdy1分区。
#### 安装用于UEFI启动的相关文件
```
# grub-install --target=x86_64-efi --efi-directory=/mnt/ --boot-directory=/mnt/ --removable
```

#### 将iso镜像复制在/dev/sdb3中
挂载/dev/sdb3，将需要引导安装的系统镜像放入此分区中待使用
```
sudo mount /dev/sdb3 /mnt/
sudo cp ubuntu-21.04-desktop-amd64.iso /mnt/
```
#### 配置grub.cfg文件

1.确定存放ISO文件的分区路径
使用固定的分区标识来确定镜像文件存放的路径，通常我们使用UUID。
使用lsblk命令显示分区的UUID
```
$ lsblk -o UUID /dev/sdb3
UUID
6acbbbdb-d12f-4d94-a76f-7c0522fb37cc
```
2.在U盘中grub目录下创建grub.cfg文件
```
$ touch grub.cfg

#在grub.cfg中添加以下配置

#插入需要使用的模块
insmod xfs

#使用UUID来搜索/dev/sdb3的位置，同时将位置传给isopath变量

#启动目录设置
menuentry 'ubuntu-21.04-desktop-amd64.iso' {
        #设置变量isopath为iso文件所在分区
        search --no-floppy --set=isopath --fs-uuid 6acbbbdb-d12f-4d94-a76f-7c0522fb37cc
        #文件路径
        set isofile=/ubuntu-21.04-desktop-amd64.iso

        #挂载ISO文件，grub2中可以直接挂载
        loopback loop ($isopath)$isofile
        
        #内核镜像以及虚拟文件系统
        linux (loop)/casper/vmlinuz boot=casper iso-scan/filename=$isofile quiet
        initrd (loop)/casper/initrd
}
```






参考文档：
[https://wiki.archlinux.org/title/Multiboot_USB_drive](https://wiki.archlinux.org/title/Multiboot_USB_drive)

[https://wiki.archlinux.org/title/GRUB_(简体中文)](https://wiki.archlinux.org/title/GRUB_(简体中文))

